> OK
<t2>

> OK
<t1>

> OK
[]

> OK
[]

> OK
[]

> 