> OK

> OK
<t>

> OK
[]

> OK
[]

> OK
[]

> OK

> OK

> OK
<t1>

> OK
<t2>

> OK
[]

> OK
[]

> OK
[]

> 