> OK

> OK

> OK

> OK
<t1>

> OK
[<t3>]

> OK
[<t3>]

> OK
[]

> 