> OK

> OK

> OK

> OK

> OK

> OK

> OK
<t3>

> OK
[]

> OK
[]

> OK
[]

> 