> OK

> OK

> OK

> OK

> OK
<t2>

> OK
[]

> OK
[]

> OK
[]

> 